// Jest Snapshot v1, https://goo.gl/fbAQLP

exports[`[Form Validation] matches matches() should return a function 1`] = `[Function]`;

exports[`[Form Validation] matches matches() should return an error object when the string does not match the specific one 1`] = `
Object {
  "defaultMessage": "undefined",
  "id": "form.errors.matches",
  "values": Object {
    "err": "is not valid",
  },
}
`;

exports[`[Form Validation] matches matches() should return no errors if the string matches string originally defined 1`] = `undefined`;
