// Jest Snapshot v1, https://goo.gl/fbAQLP

exports[`[Form Validation] maxDollarAmount maxDollarAmount() should return a function 1`] = `[Function]`;

exports[`[Form Validation] maxDollarAmount maxDollarAmount() should return an error object when an amount over the specified is passed in 1`] = `
Object {
  "defaultMessage": "cannot be more than {amount}",
  "id": "form.errors.maxDollarAmount",
  "values": Object {
    "amount": "$100",
  },
}
`;

exports[`[Form Validation] maxDollarAmount maxDollarAmount() should return no errors if the number passed is less than the originally specified amount 1`] = `undefined`;
