// Jest Snapshot v1, https://goo.gl/fbAQLP

exports[`[Form Validation] minLength minLength() should return a function 1`] = `[Function]`;

exports[`[Form Validation] minLength minLength() should return an empty string if nothing is passed it 1`] = `""`;

exports[`[Form Validation] minLength minLength() should return an error object when an amount less than specified is passed in 1`] = `
Object {
  "defaultMessage": "must be at least 3 characters",
  "id": "form.errors.minLength",
  "values": Object {
    "min": 3,
  },
}
`;

exports[`[Form Validation] minLength minLength() should return no errors if the number passed is more than the originally specified amount 1`] = `undefined`;
