// Jest Snapshot v1, https://goo.gl/fbAQLP

exports[`[Form Validation] phoneNumber phoneNumber() should return an error when an invalid phone number is passed in 1`] = `
Object {
  "defaultMessage": "must be a valid phone number",
  "id": "form.errors.invalidPhoneNumber",
  "values": Object {},
}
`;

exports[`[Form Validation] phoneNumber phoneNumber() should return no errors if a valid phone number is passed in 1`] = `undefined`;

exports[`[Form Validation] phoneNumber phoneNumber() should return undefined if nothing is passed it 1`] = `undefined`;
