// Jest Snapshot v1, https://goo.gl/fbAQLP

exports[`[Form Validation] required required() should return an error object if nothing is passed it 1`] = `
Object {
  "defaultMessage": " is required",
  "id": "form.errors.isRequired",
  "values": Object {},
}
`;

exports[`[Form Validation] required required() should return no errors if 0 is passed in 1`] = `undefined`;

exports[`[Form Validation] required required() should return no errors if a string is passed in 1`] = `undefined`;
